{
  "posts": [
    {
      "id": "y1m85g",
      "title": "A file uploading service that doesn't suck massive cocks.",
      "createdAt": "1665526796",
      "score": 6,
      "numberOfComments": 0,
      "url": null,
      "ratio": 0.87,
      "flair": null,
      "isAuthorPremium": false,
      "images": [
        {
          "source": {
            "url": "https://external-preview.redd.it/whYZFnYvm1TOr3NyiQtz40phFj7uKrXJ8sYYSUnHW7s.jpg?auto=webp&amp;s=5cf19c8508e08d748a1873f46dcbc8c53ad26fed",
            "width": 600,
            "height": 300
          },
          "resolutions": [
            {
              "url": "https://external-preview.redd.it/whYZFnYvm1TOr3NyiQtz40phFj7uKrXJ8sYYSUnHW7s.jpg?width=108&amp;crop=smart&amp;auto=webp&amp;s=84b5afb5b5f8c9b4ae37daf9cced7706eafd2a24",
              "width": 108,
              "height": 54
            },
            {
              "url": "https://external-preview.redd.it/whYZFnYvm1TOr3NyiQtz40phFj7uKrXJ8sYYSUnHW7s.jpg?width=216&amp;crop=smart&amp;auto=webp&amp;s=58bf7793e2e8f74f550b74fccc7dbb9a315696db",
              "width": 216,
              "height": 108
            },
            {
              "url": "https://external-preview.redd.it/whYZFnYvm1TOr3NyiQtz40phFj7uKrXJ8sYYSUnHW7s.jpg?width=320&amp;crop=smart&amp;auto=webp&amp;s=d3b0b54aa1038da43125b649981310ee3b199fd8",
              "width": 320,
              "height": 160
            }
          ]
        }
      ],
      "crosspostParents": null,
      "subredditAndAuthor": null
    },
    {
      "id": "trxgr9",
      "title": "I'm trying to do a reverse proxy from Apache on MAMP Pro to my Bitwarden instance running in Docker, with SSL disabled and running on the local IP (127.0.0.1). I have searched all over, but none of the results seem to work. Does anyone know where/how I can set up a reverse proxy in MAMP Pro?",
      "createdAt": "1648611684",
      "score": 5,
      "numberOfComments": 2,
      "url": null,
      "ratio": 1.0,
      "flair": null,
      "isAuthorPremium": null,
      "images": null,
      "crosspostParents": null,
      "subredditAndAuthor": null
    },
    {
      "id": "t926dd",
      "title": "How is self hosted email these days? (Migrating from Gsuite)",
      "createdAt": "1646694233",
      "score": 6,
      "numberOfComments": 2,
      "url": null,
      "ratio": 1.0,
      "flair": null,
      "isAuthorPremium": false,
      "images": null,
      "crosspostParents": null,
      "subredditAndAuthor": null
    },
    {
      "id": "rgezgi",
      "title": "Automate manual CI/CD jobs on GitLab using this simple solution.",
      "createdAt": "1639509584",
      "score": 3,
      "numberOfComments": 1,
      "url": null,
      "ratio": 1.0,
      "flair": null,
      "isAuthorPremium": false,
      "images": [
        {
          "source": {
            "url": "https://external-preview.redd.it/UIpbdSaZMnsgfNSavpVdtddxw3ff0e2JItANz287y-4.jpg?auto=webp&amp;s=4d857561fb51c040c12407da527ccf15da779f0b",
            "width": 2913,
            "height": 1731
          },
          "resolutions": [
            {
              "url": "https://external-preview.redd.it/UIpbdSaZMnsgfNSavpVdtddxw3ff0e2JItANz287y-4.jpg?width=108&amp;crop=smart&amp;auto=webp&amp;s=41d938fcd57d5421e0a3c0a5edba7ed48ee82029",
              "width": 108,
              "height": 64
            },
            {
              "url": "https://external-preview.redd.it/UIpbdSaZMnsgfNSavpVdtddxw3ff0e2JItANz287y-4.jpg?width=216&amp;crop=smart&amp;auto=webp&amp;s=cb73009389ec0cd9530da8473277e529595cb770",
              "width": 216,
              "height": 128
            },
            {
              "url": "https://external-preview.redd.it/UIpbdSaZMnsgfNSavpVdtddxw3ff0e2JItANz287y-4.jpg?width=320&amp;crop=smart&amp;auto=webp&amp;s=14a4906139d8e39ff7cec3ed9daa0c58364829a2",
              "width": 320,
              "height": 190
            },
            {
              "url": "https://external-preview.redd.it/UIpbdSaZMnsgfNSavpVdtddxw3ff0e2JItANz287y-4.jpg?width=640&amp;crop=smart&amp;auto=webp&amp;s=3fc5b1f0da330b05eafef23b48bfa75ed44d9551",
              "width": 640,
              "height": 380
            },
            {
              "url": "https://external-preview.redd.it/UIpbdSaZMnsgfNSavpVdtddxw3ff0e2JItANz287y-4.jpg?width=960&amp;crop=smart&amp;auto=webp&amp;s=085362772d6ec2702319edccef3e8dab0f6ff216",
              "width": 960,
              "height": 570
            },
            {
              "url": "https://external-preview.redd.it/UIpbdSaZMnsgfNSavpVdtddxw3ff0e2JItANz287y-4.jpg?width=1080&amp;crop=smart&amp;auto=webp&amp;s=5d19539de8ad3494ffac9b1e5bc3775789fba0b9",
              "width": 1080,
              "height": 641
            }
          ]
        }
      ],
      "crosspostParents": null,
      "subredditAndAuthor": null
    },
    {
      "id": "athvvz",
      "title": "I think you are looking for /r/selfhosted",
      "createdAt": "1550843821",
      "score": 22,
      "numberOfComments": 0,
      "url": null,
      "ratio": 1.0,
      "flair": null,
      "isAuthorPremium": false,
      "images": null,
      "crosspostParents": null,
      "subredditAndAuthor": null
    },
    {
      "id": "athvjf",
      "title": "selfhost has been created",
      "createdAt": "1550843759",
      "score": 2,
      "numberOfComments": 1,
      "url": null,
      "ratio": 1.0,
      "flair": null,
      "isAuthorPremium": false,
      "images": null,
      "crosspostParents": null,
      "subredditAndAuthor": null
    }
  ]
}