{
  "posts": [
    {
      "id": "example",
      "title": "An example with `null` URL to test the CustomJsonNodeFactory, and with `true` over_18 as default",
      "createdAt": 0,
      "createdAtTransformedBySetter": "1970-01-01T00:00:00Z",
      "createdAtTransformedByGetter": "1970-01-01T00:00:00Z",
      "updatedAt": 1693430311,
      "score": 9999,
      "numberOfComments": 9999,
      "url": null,
      "ratio": 1.0,
      "images": null,
      "flair": null,
      "subredditAndAuthor": "kmisterk",
      "thumbnail": null
    },
    {
      "id": "1ei8380",
      "title": "This Week in Self-Hosted (2 August 2024)",
      "createdAt": 1722599584,
      "createdAtTransformedBySetter": "2024-08-02T11:53:04Z",
      "createdAtTransformedByGetter": "2024-08-02T11:53:04Z",
      "updatedAt": 0,
      "score": 187,
      "numberOfComments": 13,
      "url": "https://www.reddit.com/r/selfhosted/comments/1ei8380/this_week_in_selfhosted_2_august_2024/",
      "ratio": 0.96,
      "images": [
        {
          "source": {
            "url": "https://external-preview.redd.it/Kr4dsCgiMJ3XAUOd9o156KLdK9Fpn65-nwpSWazWJfU.jpg?auto=webp&amp;s=efd5874cc8b5ca8111629feacc77a68d02bb1d6b",
            "width": 1143,
            "height": 583
          },
          "resolutions": [
            {
              "url": "https://external-preview.redd.it/Kr4dsCgiMJ3XAUOd9o156KLdK9Fpn65-nwpSWazWJfU.jpg?width=108&amp;crop=smart&amp;auto=webp&amp;s=52477967767b38847cd49d15020c3691be6e0d50",
              "width": 108,
              "height": 55
            },
            {
              "url": "https://external-preview.redd.it/Kr4dsCgiMJ3XAUOd9o156KLdK9Fpn65-nwpSWazWJfU.jpg?width=216&amp;crop=smart&amp;auto=webp&amp;s=5a0a6131df4882bbfbf9d41332802ac6c7a73e63",
              "width": 216,
              "height": 110
            },
            {
              "url": "https://external-preview.redd.it/Kr4dsCgiMJ3XAUOd9o156KLdK9Fpn65-nwpSWazWJfU.jpg?width=320&amp;crop=smart&amp;auto=webp&amp;s=565eb704e95345c7a65dfbe2a9ee122565604698",
              "width": 320,
              "height": 163
            },
            {
              "url": "https://external-preview.redd.it/Kr4dsCgiMJ3XAUOd9o156KLdK9Fpn65-nwpSWazWJfU.jpg?width=640&amp;crop=smart&amp;auto=webp&amp;s=f89ae70fc612161d35902415bf1ac4185ab85a42",
              "width": 640,
              "height": 326
            },
            {
              "url": "https://external-preview.redd.it/Kr4dsCgiMJ3XAUOd9o156KLdK9Fpn65-nwpSWazWJfU.jpg?width=960&amp;crop=smart&amp;auto=webp&amp;s=95bbf8ee0778f9b07efc3ede5c7449966104a712",
              "width": 960,
              "height": 489
            },
            {
              "url": "https://external-preview.redd.it/Kr4dsCgiMJ3XAUOd9o156KLdK9Fpn65-nwpSWazWJfU.jpg?width=1080&amp;crop=smart&amp;auto=webp&amp;s=ae63e800f7e8a434b9fff2dbbd45cc59dcd75382",
              "width": 1080,
              "height": 550
            }
          ]
        }
      ],
      "flair": null,
      "subredditAndAuthor": "r/selfhosted/shol-ly",
      "thumbnail": "https://safeforwork.com/thumbnail.png"
    },
    {
      "id": "1eic5sw",
      "title": "Ente vs Immich?",
      "createdAt": 1722610603,
      "createdAtTransformedBySetter": "2024-08-02T14:56:43Z",
      "createdAtTransformedByGetter": "2024-08-02T14:56:43Z",
      "updatedAt": 0,
      "score": 69,
      "numberOfComments": 52,
      "url": "https://www.reddit.com/r/selfhosted/comments/1eic5sw/ente_vs_immich/",
      "ratio": 0.95,
      "images": null,
      "flair": "Photo Tools",
      "subredditAndAuthor": "r/selfhosted/DastardlyDino",
      "thumbnail": null
    },
    {
      "id": "1eigxzw",
      "title": "XPipe - A connection hub for all your servers: Status update for XPipe 10",
      "createdAt": 1722622111,
      "createdAtTransformedBySetter": "2024-08-02T18:08:31Z",
      "createdAtTransformedByGetter": "2024-08-02T18:08:31Z",
      "updatedAt": 0,
      "score": 60,
      "numberOfComments": 15,
      "url": "https://github.com/xpipe-io/xpipe",
      "ratio": 0.93,
      "images": null,
      "flair": "Release",
      "subredditAndAuthor": "r/selfhosted/milchshakee",
      "thumbnail": "https://b.thumbs.redditmedia.com/HhedvijuHdw4JV6vFL-KvZHOx-42QCPAypA_GXN72aw.jpg"
    },
    {
      "id": "1ei53hw",
      "title": "What's the best self-hosted project management tool with good subtask support?",
      "createdAt": 1722588343,
      "createdAtTransformedBySetter": "2024-08-02T08:45:43Z",
      "createdAtTransformedByGetter": "2024-08-02T08:45:43Z",
      "updatedAt": 0,
      "score": 32,
      "numberOfComments": 27,
      "url": "https://www.reddit.com/r/selfhosted/comments/1ei53hw/whats_the_best_selfhosted_project_management_tool/",
      "ratio": 0.96,
      "images": null,
      "flair": null,
      "subredditAndAuthor": "r/selfhosted/Potential-Here",
      "thumbnail": null
    }
  ],
  "totalPosts": 0
}